Saving execution for ./convert_ONNX_to_TensorRT.sh in ./logs/convert_ONNX_to_TensorRT.sh_ONNX_batch_directory_24183.log
Target directory: /mnt/usb/tiger_watch/runs/train/tiger_watch_yolo/weights.
Scanning for .onnx files
-rw-rw-r-- 1 nvidia nvidia 9.4M Sep  4 14:04 /mnt/usb/tiger_watch/runs/train/tiger_watch_yolo/weights/best_end2endOff_simplifyOff_nmsOn_max_det100.onnx
-rw-rw-r-- 1 nvidia nvidia 9.4M Sep  4 14:04 /mnt/usb/tiger_watch/runs/train/tiger_watch_yolo/weights/best_end2endOff_simplifyOn_nmsOn_max_det100.onnx
-rw-rw-r-- 1 nvidia nvidia 9.4M Sep  4 14:05 /mnt/usb/tiger_watch/runs/train/tiger_watch_yolo/weights/best_end2endOn_simplifyFalse_nmsOn_max_detOff.onnx
-rw-rw-r-- 1 nvidia nvidia 9.4M Sep  4 14:05 /mnt/usb/tiger_watch/runs/train/tiger_watch_yolo/weights/best_end2endOn_simplifyOff_nmsOn_max_det100.onnx
-rw-rw-r-- 1 nvidia nvidia 9.4M Sep  4 14:05 /mnt/usb/tiger_watch/runs/train/tiger_watch_yolo/weights/best_end2endOn_simplifyOff_noNMS.onnx
-rw-rw-r-- 1 nvidia nvidia 9.4M Sep  4 14:05 /mnt/usb/tiger_watch/runs/train/tiger_watch_yolo/weights/best_end2endOn_simplifyOn_nmsOn_max_det100.onnx
-rw-rw-r-- 1 nvidia nvidia 3.0M Sep  4 14:00 /mnt/usb/tiger_watch/runs/train/tiger_watch_yolo/weights/best_int8.onnx
-rw-rw-r-- 1 nvidia nvidia 9.4M Sep  3 17:38 /mnt/usb/tiger_watch/runs/train/tiger_watch_yolo/weights/best_negative_axis_simplifyFalse_opset17.onnx
-rw-rw-r-- 1 nvidia nvidia 9.4M Sep  3 17:38 /mnt/usb/tiger_watch/runs/train/tiger_watch_yolo/weights/best_negative_axis_with_simplifyFalse.onnx
-rw-rw-r-- 1 nvidia nvidia 9.3M Sep  4 14:00 /mnt/usb/tiger_watch/runs/train/tiger_watch_yolo/weights/best_simplified.onnx
-rw-rw-r-- 1 nvidia nvidia 9.3M Sep  4 14:06 /mnt/usb/tiger_watch/runs/train/tiger_watch_yolo/weights/simplified_best_end2endOn_simplifyOff_nmsOn_max_det100.onnx
-rw-rw-r-- 1 nvidia nvidia 9.3M Sep  4 14:06 /mnt/usb/tiger_watch/runs/train/tiger_watch_yolo/weights/simplified_best_end2endOn_simplifyOn_nmsOn_max_det100.onnx
Now processing: weights*.onnx
&&&& RUNNING TensorRT.trtexec [TensorRT v8502] # /usr/src/tensorrt/bin/trtexec --onnx=/mnt/usb/tiger_watch/runs/train/tiger_watch_yolo/weights*.onnx --saveEngine=/mnt/usb/tiger_watch/runs/train/tiger_watch_yolo/weights*.engine --fp16 --verbose
[09/04/2026-14:09:02] [I] === Model Options ===
[09/04/2026-14:09:02] [I] Format: ONNX
[09/04/2026-14:09:02] [I] Model: /mnt/usb/tiger_watch/runs/train/tiger_watch_yolo/weights*.onnx
[09/04/2026-14:09:02] [I] Output:
[09/04/2026-14:09:02] [I] === Build Options ===
[09/04/2026-14:09:02] [I] Max batch: explicit batch
[09/04/2026-14:09:02] [I] Memory Pools: workspace: default, dlaSRAM: default, dlaLocalDRAM: default, dlaGlobalDRAM: default
[09/04/2026-14:09:02] [I] minTiming: 1
[09/04/2026-14:09:02] [I] avgTiming: 8
[09/04/2026-14:09:02] [I] Precision: FP32+FP16
[09/04/2026-14:09:02] [I] LayerPrecisions: 
[09/04/2026-14:09:02] [I] Calibration: 
[09/04/2026-14:09:02] [I] Refit: Disabled
[09/04/2026-14:09:02] [I] Sparsity: Disabled
[09/04/2026-14:09:02] [I] Safe mode: Disabled
[09/04/2026-14:09:02] [I] DirectIO mode: Disabled
[09/04/2026-14:09:02] [I] Restricted mode: Disabled
[09/04/2026-14:09:02] [I] Build only: Disabled
[09/04/2026-14:09:02] [I] Save engine: /mnt/usb/tiger_watch/runs/train/tiger_watch_yolo/weights*.engine
[09/04/2026-14:09:02] [I] Load engine: 
[09/04/2026-14:09:02] [I] Profiling verbosity: 0
[09/04/2026-14:09:02] [I] Tactic sources: Using default tactic sources
[09/04/2026-14:09:02] [I] timingCacheMode: local
[09/04/2026-14:09:02] [I] timingCacheFile: 
[09/04/2026-14:09:02] [I] Heuristic: Disabled
[09/04/2026-14:09:02] [I] Preview Features: Use default preview flags.
[09/04/2026-14:09:02] [I] Input(s)s format: fp32:CHW
[09/04/2026-14:09:02] [I] Output(s)s format: fp32:CHW
[09/04/2026-14:09:02] [I] Input build shapes: model
[09/04/2026-14:09:02] [I] Input calibration shapes: model
[09/04/2026-14:09:02] [I] === System Options ===
[09/04/2026-14:09:02] [I] Device: 0
[09/04/2026-14:09:02] [I] DLACore: 
[09/04/2026-14:09:02] [I] Plugins:
[09/04/2026-14:09:02] [I] === Inference Options ===
[09/04/2026-14:09:02] [I] Batch: Explicit
[09/04/2026-14:09:02] [I] Input inference shapes: model
[09/04/2026-14:09:02] [I] Iterations: 10
[09/04/2026-14:09:02] [I] Duration: 3s (+ 200ms warm up)
[09/04/2026-14:09:02] [I] Sleep time: 0ms
[09/04/2026-14:09:02] [I] Idle time: 0ms
[09/04/2026-14:09:02] [I] Streams: 1
[09/04/2026-14:09:02] [I] ExposeDMA: Disabled
[09/04/2026-14:09:02] [I] Data transfers: Enabled
[09/04/2026-14:09:02] [I] Spin-wait: Disabled
[09/04/2026-14:09:02] [I] Multithreading: Disabled
[09/04/2026-14:09:02] [I] CUDA Graph: Disabled
[09/04/2026-14:09:02] [I] Separate profiling: Disabled
[09/04/2026-14:09:02] [I] Time Deserialize: Disabled
[09/04/2026-14:09:02] [I] Time Refit: Disabled
[09/04/2026-14:09:02] [I] NVTX verbosity: 0
[09/04/2026-14:09:02] [I] Persistent Cache Ratio: 0
[09/04/2026-14:09:02] [I] Inputs:
[09/04/2026-14:09:02] [I] === Reporting Options ===
[09/04/2026-14:09:02] [I] Verbose: Enabled
[09/04/2026-14:09:02] [I] Averages: 10 inferences
[09/04/2026-14:09:02] [I] Percentiles: 90,95,99
[09/04/2026-14:09:02] [I] Dump refittable layers:Disabled
[09/04/2026-14:09:02] [I] Dump output: Disabled
[09/04/2026-14:09:02] [I] Profile: Disabled
[09/04/2026-14:09:02] [I] Export timing to JSON file: 
[09/04/2026-14:09:02] [I] Export output to JSON file: 
[09/04/2026-14:09:02] [I] Export profile to JSON file: 
[09/04/2026-14:09:02] [I] 
[09/04/2026-14:09:02] [I] === Device Information ===
[09/04/2026-14:09:02] [I] Selected Device: Xavier
[09/04/2026-14:09:02] [I] Compute Capability: 7.2
[09/04/2026-14:09:02] [I] SMs: 8
[09/04/2026-14:09:02] [I] Compute Clock Rate: 1.377 GHz
[09/04/2026-14:09:02] [I] Device Global Memory: 14886 MiB
[09/04/2026-14:09:02] [I] Shared Memory per SM: 96 KiB
[09/04/2026-14:09:02] [I] Memory Bus Width: 256 bits (ECC disabled)
[09/04/2026-14:09:02] [I] Memory Clock Rate: 1.377 GHz
[09/04/2026-14:09:02] [I] 
[09/04/2026-14:09:02] [I] TensorRT version: 8.5.2
[09/04/2026-14:09:02] [V] [TRT] Registered plugin creator - ::BatchedNMSDynamic_TRT version 1
[09/04/2026-14:09:02] [V] [TRT] Registered plugin creator - ::BatchedNMS_TRT version 1
[09/04/2026-14:09:02] [V] [TRT] Registered plugin creator - ::BatchTilePlugin_TRT version 1
[09/04/2026-14:09:02] [V] [TRT] Registered plugin creator - ::Clip_TRT version 1
[09/04/2026-14:09:02] [V] [TRT] Registered plugin creator - ::CoordConvAC version 1
[09/04/2026-14:09:02] [V] [TRT] Registered plugin creator - ::CropAndResizeDynamic version 1
[09/04/2026-14:09:02] [V] [TRT] Registered plugin creator - ::CropAndResize version 1
[09/04/2026-14:09:02] [V] [TRT] Registered plugin creator - ::DecodeBbox3DPlugin version 1
[09/04/2026-14:09:02] [V] [TRT] Registered plugin creator - ::DetectionLayer_TRT version 1
[09/04/2026-14:09:02] [V] [TRT] Registered plugin creator - ::EfficientNMS_Explicit_TF_TRT version 1
[09/04/2026-14:09:02] [V] [TRT] Registered plugin creator - ::EfficientNMS_Implicit_TF_TRT version 1
[09/04/2026-14:09:02] [V] [TRT] Registered plugin creator - ::EfficientNMS_ONNX_TRT version 1
[09/04/2026-14:09:02] [V] [TRT] Registered plugin creator - ::EfficientNMS_TRT version 1
[09/04/2026-14:09:02] [V] [TRT] Registered plugin creator - ::FlattenConcat_TRT version 1
[09/04/2026-14:09:02] [V] [TRT] Registered plugin creator - ::GenerateDetection_TRT version 1
[09/04/2026-14:09:02] [V] [TRT] Registered plugin creator - ::GridAnchor_TRT version 1
[09/04/2026-14:09:02] [V] [TRT] Registered plugin creator - ::GridAnchorRect_TRT version 1
[09/04/2026-14:09:02] [V] [TRT] Registered plugin creator - ::GroupNorm version 1
[09/04/2026-14:09:02] [V] [TRT] Registered plugin creator - ::InstanceNormalization_TRT version 1
[09/04/2026-14:09:02] [V] [TRT] Registered plugin creator - ::InstanceNormalization_TRT version 2
[09/04/2026-14:09:02] [V] [TRT] Registered plugin creator - ::LayerNorm version 1
[09/04/2026-14:09:02] [V] [TRT] Registered plugin creator - ::LReLU_TRT version 1
[09/04/2026-14:09:02] [V] [TRT] Registered plugin creator - ::MultilevelCropAndResize_TRT version 1
[09/04/2026-14:09:02] [V] [TRT] Registered plugin creator - ::MultilevelProposeROI_TRT version 1
[09/04/2026-14:09:02] [V] [TRT] Registered plugin creator - ::MultiscaleDeformableAttnPlugin_TRT version 1
[09/04/2026-14:09:02] [V] [TRT] Registered plugin creator - ::NMSDynamic_TRT version 1
[09/04/2026-14:09:02] [V] [TRT] Registered plugin creator - ::NMS_TRT version 1
[09/04/2026-14:09:02] [V] [TRT] Registered plugin creator - ::Normalize_TRT version 1
[09/04/2026-14:09:02] [V] [TRT] Registered plugin creator - ::PillarScatterPlugin version 1
[09/04/2026-14:09:02] [V] [TRT] Registered plugin creator - ::PriorBox_TRT version 1
[09/04/2026-14:09:02] [V] [TRT] Registered plugin creator - ::ProposalDynamic version 1
[09/04/2026-14:09:02] [V] [TRT] Registered plugin creator - ::ProposalLayer_TRT version 1
[09/04/2026-14:09:02] [V] [TRT] Registered plugin creator - ::Proposal version 1
[09/04/2026-14:09:02] [V] [TRT] Registered plugin creator - ::PyramidROIAlign_TRT version 1
[09/04/2026-14:09:02] [V] [TRT] Registered plugin creator - ::Region_TRT version 1
[09/04/2026-14:09:02] [V] [TRT] Registered plugin creator - ::Reorg_TRT version 1
[09/04/2026-14:09:02] [V] [TRT] Registered plugin creator - ::ResizeNearest_TRT version 1
[09/04/2026-14:09:02] [V] [TRT] Registered plugin creator - ::ROIAlign_TRT version 1
[09/04/2026-14:09:02] [V] [TRT] Registered plugin creator - ::RPROI_TRT version 1
[09/04/2026-14:09:02] [V] [TRT] Registered plugin creator - ::ScatterND version 1
[09/04/2026-14:09:02] [V] [TRT] Registered plugin creator - ::SeqLen2Spatial version 1
[09/04/2026-14:09:02] [V] [TRT] Registered plugin creator - ::SpecialSlice_TRT version 1
[09/04/2026-14:09:02] [V] [TRT] Registered plugin creator - ::SplitGeLU version 1
[09/04/2026-14:09:02] [V] [TRT] Registered plugin creator - ::Split version 1
[09/04/2026-14:09:02] [V] [TRT] Registered plugin creator - ::VoxelGeneratorPlugin version 1
[09/04/2026-14:09:05] [I] [TRT] [MemUsageChange] Init CUDA: CPU +187, GPU +0, now: CPU 216, GPU 3283 (MiB)
[09/04/2026-14:09:05] [V] [TRT] Trying to load shared library libnvinfer_builder_resource.so.8.5.2
[09/04/2026-14:09:05] [V] [TRT] Loaded shared library libnvinfer_builder_resource.so.8.5.2
[09/04/2026-14:09:07] [I] [TRT] [MemUsageChange] Init builder kernel library: CPU +106, GPU +143, now: CPU 344, GPU 3455 (MiB)
[09/04/2026-14:09:07] [I] Start parsing network model
Could not open file /mnt/usb/tiger_watch/runs/train/tiger_watch_yolo/weights*.onnx
Could not open file /mnt/usb/tiger_watch/runs/train/tiger_watch_yolo/weights*.onnx
[09/04/2026-14:09:07] [E] [TRT] ModelImporter.cpp:688: Failed to parse ONNX model from file: /mnt/usb/tiger_watch/runs/train/tiger_watch_yolo/weights*.onnx
[09/04/2026-14:09:07] [E] Failed to parse onnx file
[09/04/2026-14:09:07] [I] Finish parsing network model
[09/04/2026-14:09:07] [E] Parsing model failed
[09/04/2026-14:09:07] [E] Failed to create engine from model or file.
[09/04/2026-14:09:07] [E] Engine set up failed
&&&& FAILED TensorRT.trtexec [TensorRT v8502] # /usr/src/tensorrt/bin/trtexec --onnx=/mnt/usb/tiger_watch/runs/train/tiger_watch_yolo/weights*.onnx --saveEngine=/mnt/usb/tiger_watch/runs/train/tiger_watch_yolo/weights*.engine --fp16 --verbose
