Saving log for ./convert_ONNX_to_TensorRT.sh execution in ./logs/./convert_ONNX_to_TensorRT.sh.log
/home/shon/PycharmProjects/tiger_watch/runs/train/tiger_watch_yolo/weights/ is a directory. Scanning for .onnx files in: /home/shon/PycharmProjects/tiger_watch/runs/train/tiger_watch_yolo/weights/
./convert_ONNX_to_TensorRT.sh: line 42: onnx_2_engine: command not found
Saving log for ./convert_ONNX_to_TensorRT.sh execution in ./logs/./convert_ONNX_to_TensorRT.sh.log
/home/shon/PycharmProjects/tiger_watch/runs/train/tiger_watch_yolo/weights/ is a directory. Scanning for .onnx files in: /home/shon/PycharmProjects/tiger_watch/runs/train/tiger_watch_yolo/weights/
-rw-rw-r-- 1 shon shon 9.4M Sep  3 19:14 /home/shon/PycharmProjects/tiger_watch/runs/train/tiger_watch_yolo/weights//best_end2endOff_simplifyOff_nmsOn_max_det100.onnx
-rw-rw-r-- 1 shon shon 9.4M Sep  3 19:14 /home/shon/PycharmProjects/tiger_watch/runs/train/tiger_watch_yolo/weights//best_end2endOff_simplifyOn_nmsOn_max_det100.onnx
-rw-rw-r-- 1 shon shon 9.4M Sep  3 19:14 /home/shon/PycharmProjects/tiger_watch/runs/train/tiger_watch_yolo/weights//best_end2endOn_simplifyFalse_nmsOn_max_detOff.onnx
-rw-rw-r-- 1 shon shon 9.4M Sep  3 19:14 /home/shon/PycharmProjects/tiger_watch/runs/train/tiger_watch_yolo/weights//best_end2endOn_simplifyOff_nmsOn_max_det100.onnx
-rw-rw-r-- 1 shon shon 9.4M Sep  3 19:14 /home/shon/PycharmProjects/tiger_watch/runs/train/tiger_watch_yolo/weights//best_end2endOn_simplifyOff_noNMS.onnx
-rw-rw-r-- 1 shon shon 9.4M Sep  3 19:14 /home/shon/PycharmProjects/tiger_watch/runs/train/tiger_watch_yolo/weights//best_end2endOn_simplifyOn_nmsOn_max_det100.onnx
-rw-rw-r-- 1 shon shon 3.0M Sep  3 19:14 /home/shon/PycharmProjects/tiger_watch/runs/train/tiger_watch_yolo/weights//best_int8.onnx
-rw-rw-r-- 1 shon shon 9.4M Aug 22 15:52 /home/shon/PycharmProjects/tiger_watch/runs/train/tiger_watch_yolo/weights//best_negative_axis_simplifyFalse_opset17.onnx
-rw-rw-r-- 1 shon shon 9.4M Aug 22 15:52 /home/shon/PycharmProjects/tiger_watch/runs/train/tiger_watch_yolo/weights//best_negative_axis_with_simplifyFalse.onnx
-rw-rw-r-- 1 shon shon 9.3M Sep  3 19:14 /home/shon/PycharmProjects/tiger_watch/runs/train/tiger_watch_yolo/weights//best_simplified.onnx
-rw-rw-r-- 1 shon shon 9.3M Sep  3 19:14 /home/shon/PycharmProjects/tiger_watch/runs/train/tiger_watch_yolo/weights//simplified_best_end2endOn_simplifyOff_nmsOn_max_det100.onnx
-rw-rw-r-- 1 shon shon 9.3M Sep  3 19:14 /home/shon/PycharmProjects/tiger_watch/runs/train/tiger_watch_yolo/weights//simplified_best_end2endOn_simplifyOn_nmsOn_max_det100.onnx
./convert_ONNX_to_TensorRT.sh: line 43: onnx_2_engine: command not found
Saving log for ./convert_ONNX_to_TensorRT.sh execution in ./logs/./convert_ONNX_to_TensorRT.sh.log
/home/shon/PycharmProjects/tiger_watch/runs/train/tiger_watch_yolo/weights/ is a directory. Scanning for .onnx files in: /home/shon/PycharmProjects/tiger_watch/runs/train/tiger_watch_yolo/weights/
-rw-rw-r-- 1 shon shon 9.4M Sep  3 19:14 /home/shon/PycharmProjects/tiger_watch/runs/train/tiger_watch_yolo/weights//best_end2endOff_simplifyOff_nmsOn_max_det100.onnx
-rw-rw-r-- 1 shon shon 9.4M Sep  3 19:14 /home/shon/PycharmProjects/tiger_watch/runs/train/tiger_watch_yolo/weights//best_end2endOff_simplifyOn_nmsOn_max_det100.onnx
-rw-rw-r-- 1 shon shon 9.4M Sep  3 19:14 /home/shon/PycharmProjects/tiger_watch/runs/train/tiger_watch_yolo/weights//best_end2endOn_simplifyFalse_nmsOn_max_detOff.onnx
-rw-rw-r-- 1 shon shon 9.4M Sep  3 19:14 /home/shon/PycharmProjects/tiger_watch/runs/train/tiger_watch_yolo/weights//best_end2endOn_simplifyOff_nmsOn_max_det100.onnx
-rw-rw-r-- 1 shon shon 9.4M Sep  3 19:14 /home/shon/PycharmProjects/tiger_watch/runs/train/tiger_watch_yolo/weights//best_end2endOn_simplifyOff_noNMS.onnx
-rw-rw-r-- 1 shon shon 9.4M Sep  3 19:14 /home/shon/PycharmProjects/tiger_watch/runs/train/tiger_watch_yolo/weights//best_end2endOn_simplifyOn_nmsOn_max_det100.onnx
-rw-rw-r-- 1 shon shon 3.0M Sep  3 19:14 /home/shon/PycharmProjects/tiger_watch/runs/train/tiger_watch_yolo/weights//best_int8.onnx
-rw-rw-r-- 1 shon shon 9.4M Aug 22 15:52 /home/shon/PycharmProjects/tiger_watch/runs/train/tiger_watch_yolo/weights//best_negative_axis_simplifyFalse_opset17.onnx
-rw-rw-r-- 1 shon shon 9.4M Aug 22 15:52 /home/shon/PycharmProjects/tiger_watch/runs/train/tiger_watch_yolo/weights//best_negative_axis_with_simplifyFalse.onnx
-rw-rw-r-- 1 shon shon 9.3M Sep  3 19:14 /home/shon/PycharmProjects/tiger_watch/runs/train/tiger_watch_yolo/weights//best_simplified.onnx
-rw-rw-r-- 1 shon shon 9.3M Sep  3 19:14 /home/shon/PycharmProjects/tiger_watch/runs/train/tiger_watch_yolo/weights//simplified_best_end2endOn_simplifyOff_nmsOn_max_det100.onnx
-rw-rw-r-- 1 shon shon 9.3M Sep  3 19:14 /home/shon/PycharmProjects/tiger_watch/runs/train/tiger_watch_yolo/weights//simplified_best_end2endOn_simplifyOn_nmsOn_max_det100.onnx
./convert_ONNX_to_TensorRT.sh: line 42: onnx_2_engine: command not found
Saving log for ./convert_ONNX_to_TensorRT.sh execution in ./logs/./convert_ONNX_to_TensorRT.sh.log
/home/shon/PycharmProjects/tiger_watch/runs/train/tiger_watch_yolo/weights/ is a directory. Scanning for .onnx files in: /home/shon/PycharmProjects/tiger_watch/runs/train/tiger_watch_yolo/weights/
-rw-rw-r-- 1 shon shon 9.4M Sep  3 19:14 /home/shon/PycharmProjects/tiger_watch/runs/train/tiger_watch_yolo/weights//best_end2endOff_simplifyOff_nmsOn_max_det100.onnx
-rw-rw-r-- 1 shon shon 9.4M Sep  3 19:14 /home/shon/PycharmProjects/tiger_watch/runs/train/tiger_watch_yolo/weights//best_end2endOff_simplifyOn_nmsOn_max_det100.onnx
-rw-rw-r-- 1 shon shon 9.4M Sep  3 19:14 /home/shon/PycharmProjects/tiger_watch/runs/train/tiger_watch_yolo/weights//best_end2endOn_simplifyFalse_nmsOn_max_detOff.onnx
-rw-rw-r-- 1 shon shon 9.4M Sep  3 19:14 /home/shon/PycharmProjects/tiger_watch/runs/train/tiger_watch_yolo/weights//best_end2endOn_simplifyOff_nmsOn_max_det100.onnx
-rw-rw-r-- 1 shon shon 9.4M Sep  3 19:14 /home/shon/PycharmProjects/tiger_watch/runs/train/tiger_watch_yolo/weights//best_end2endOn_simplifyOff_noNMS.onnx
-rw-rw-r-- 1 shon shon 9.4M Sep  3 19:14 /home/shon/PycharmProjects/tiger_watch/runs/train/tiger_watch_yolo/weights//best_end2endOn_simplifyOn_nmsOn_max_det100.onnx
-rw-rw-r-- 1 shon shon 3.0M Sep  3 19:14 /home/shon/PycharmProjects/tiger_watch/runs/train/tiger_watch_yolo/weights//best_int8.onnx
-rw-rw-r-- 1 shon shon 9.4M Aug 22 15:52 /home/shon/PycharmProjects/tiger_watch/runs/train/tiger_watch_yolo/weights//best_negative_axis_simplifyFalse_opset17.onnx
-rw-rw-r-- 1 shon shon 9.4M Aug 22 15:52 /home/shon/PycharmProjects/tiger_watch/runs/train/tiger_watch_yolo/weights//best_negative_axis_with_simplifyFalse.onnx
-rw-rw-r-- 1 shon shon 9.3M Sep  3 19:14 /home/shon/PycharmProjects/tiger_watch/runs/train/tiger_watch_yolo/weights//best_simplified.onnx
-rw-rw-r-- 1 shon shon 9.3M Sep  3 19:14 /home/shon/PycharmProjects/tiger_watch/runs/train/tiger_watch_yolo/weights//simplified_best_end2endOn_simplifyOff_nmsOn_max_det100.onnx
-rw-rw-r-- 1 shon shon 9.3M Sep  3 19:14 /home/shon/PycharmProjects/tiger_watch/runs/train/tiger_watch_yolo/weights//simplified_best_end2endOn_simplifyOn_nmsOn_max_det100.onnx
./convert_ONNX_to_TensorRT.sh: line 42: onnx_2_engine: command not found
Saving log for ./convert_ONNX_to_TensorRT.sh execution in ./logs/./convert_ONNX_to_TensorRT.sh.log
/home/shon/PycharmProjects/tiger_watch/runs/train/tiger_watch_yolo/weights/ is a directory. Scanning for .onnx files in: /home/shon/PycharmProjects/tiger_watch/runs/train/tiger_watch_yolo/weights/
-rw-rw-r-- 1 shon shon 9.4M Sep  3 19:14 /home/shon/PycharmProjects/tiger_watch/runs/train/tiger_watch_yolo/weights//best_end2endOff_simplifyOff_nmsOn_max_det100.onnx
-rw-rw-r-- 1 shon shon 9.4M Sep  3 19:14 /home/shon/PycharmProjects/tiger_watch/runs/train/tiger_watch_yolo/weights//best_end2endOff_simplifyOn_nmsOn_max_det100.onnx
-rw-rw-r-- 1 shon shon 9.4M Sep  3 19:14 /home/shon/PycharmProjects/tiger_watch/runs/train/tiger_watch_yolo/weights//best_end2endOn_simplifyFalse_nmsOn_max_detOff.onnx
-rw-rw-r-- 1 shon shon 9.4M Sep  3 19:14 /home/shon/PycharmProjects/tiger_watch/runs/train/tiger_watch_yolo/weights//best_end2endOn_simplifyOff_nmsOn_max_det100.onnx
-rw-rw-r-- 1 shon shon 9.4M Sep  3 19:14 /home/shon/PycharmProjects/tiger_watch/runs/train/tiger_watch_yolo/weights//best_end2endOn_simplifyOff_noNMS.onnx
-rw-rw-r-- 1 shon shon 9.4M Sep  3 19:14 /home/shon/PycharmProjects/tiger_watch/runs/train/tiger_watch_yolo/weights//best_end2endOn_simplifyOn_nmsOn_max_det100.onnx
-rw-rw-r-- 1 shon shon 3.0M Sep  3 19:14 /home/shon/PycharmProjects/tiger_watch/runs/train/tiger_watch_yolo/weights//best_int8.onnx
-rw-rw-r-- 1 shon shon 9.4M Aug 22 15:52 /home/shon/PycharmProjects/tiger_watch/runs/train/tiger_watch_yolo/weights//best_negative_axis_simplifyFalse_opset17.onnx
-rw-rw-r-- 1 shon shon 9.4M Aug 22 15:52 /home/shon/PycharmProjects/tiger_watch/runs/train/tiger_watch_yolo/weights//best_negative_axis_with_simplifyFalse.onnx
-rw-rw-r-- 1 shon shon 9.3M Sep  3 19:14 /home/shon/PycharmProjects/tiger_watch/runs/train/tiger_watch_yolo/weights//best_simplified.onnx
-rw-rw-r-- 1 shon shon 9.3M Sep  3 19:14 /home/shon/PycharmProjects/tiger_watch/runs/train/tiger_watch_yolo/weights//simplified_best_end2endOn_simplifyOff_nmsOn_max_det100.onnx
-rw-rw-r-- 1 shon shon 9.3M Sep  3 19:14 /home/shon/PycharmProjects/tiger_watch/runs/train/tiger_watch_yolo/weights//simplified_best_end2endOn_simplifyOn_nmsOn_max_det100.onnx
Now processing /home/shon/PycharmProjects/tiger_watch/runs/train/tiger_watch_yolo/weights//best_end2endOff_simplifyOff_nmsOn_max_det100.onnx to .engine format.
./convert_ONNX_to_TensorRT.sh: line 12: /usr/src/tensorrt/bin/trtexec: No such file or directory
Saving log for ./convert_ONNX_to_TensorRT.sh execution in ./logs/./convert_ONNX_to_TensorRT.sh.log
/home/shon/PycharmProjects/tiger_watch/runs/train/tiger_watch_yolo/weights/ is a directory. Scanning for .onnx files in: /home/shon/PycharmProjects/tiger_watch/runs/train/tiger_watch_yolo/weights/
-rw-rw-r-- 1 shon shon 9.4M Sep  3 19:14 /home/shon/PycharmProjects/tiger_watch/runs/train/tiger_watch_yolo/weights//best_end2endOff_simplifyOff_nmsOn_max_det100.onnx
-rw-rw-r-- 1 shon shon 9.4M Sep  3 19:14 /home/shon/PycharmProjects/tiger_watch/runs/train/tiger_watch_yolo/weights//best_end2endOff_simplifyOn_nmsOn_max_det100.onnx
-rw-rw-r-- 1 shon shon 9.4M Sep  3 19:14 /home/shon/PycharmProjects/tiger_watch/runs/train/tiger_watch_yolo/weights//best_end2endOn_simplifyFalse_nmsOn_max_detOff.onnx
-rw-rw-r-- 1 shon shon 9.4M Sep  3 19:14 /home/shon/PycharmProjects/tiger_watch/runs/train/tiger_watch_yolo/weights//best_end2endOn_simplifyOff_nmsOn_max_det100.onnx
-rw-rw-r-- 1 shon shon 9.4M Sep  3 19:14 /home/shon/PycharmProjects/tiger_watch/runs/train/tiger_watch_yolo/weights//best_end2endOn_simplifyOff_noNMS.onnx
-rw-rw-r-- 1 shon shon 9.4M Sep  3 19:14 /home/shon/PycharmProjects/tiger_watch/runs/train/tiger_watch_yolo/weights//best_end2endOn_simplifyOn_nmsOn_max_det100.onnx
-rw-rw-r-- 1 shon shon 3.0M Sep  3 19:14 /home/shon/PycharmProjects/tiger_watch/runs/train/tiger_watch_yolo/weights//best_int8.onnx
-rw-rw-r-- 1 shon shon 9.4M Aug 22 15:52 /home/shon/PycharmProjects/tiger_watch/runs/train/tiger_watch_yolo/weights//best_negative_axis_simplifyFalse_opset17.onnx
-rw-rw-r-- 1 shon shon 9.4M Aug 22 15:52 /home/shon/PycharmProjects/tiger_watch/runs/train/tiger_watch_yolo/weights//best_negative_axis_with_simplifyFalse.onnx
-rw-rw-r-- 1 shon shon 9.3M Sep  3 19:14 /home/shon/PycharmProjects/tiger_watch/runs/train/tiger_watch_yolo/weights//best_simplified.onnx
-rw-rw-r-- 1 shon shon 9.3M Sep  3 19:14 /home/shon/PycharmProjects/tiger_watch/runs/train/tiger_watch_yolo/weights//simplified_best_end2endOn_simplifyOff_nmsOn_max_det100.onnx
-rw-rw-r-- 1 shon shon 9.3M Sep  3 19:14 /home/shon/PycharmProjects/tiger_watch/runs/train/tiger_watch_yolo/weights//simplified_best_end2endOn_simplifyOn_nmsOn_max_det100.onnx
Now processing /home/shon/PycharmProjects/tiger_watch/runs/train/tiger_watch_yolo/weights/best_end2endOff_simplifyOff_nmsOn_max_det100.onnx to .engine format.
./convert_ONNX_to_TensorRT.sh: line 12: /usr/src/tensorrt/bin/trtexec: No such file or directory
Saving log for ./convert_ONNX_to_TensorRT.sh execution in ./logs/./convert_ONNX_to_TensorRT.sh.log
/home/shon/PycharmProjects/tiger_watch/runs/train/tiger_watch_yolo/weights/ is a directory. Scanning for .onnx files in: /home/shon/PycharmProjects/tiger_watch/runs/train/tiger_watch_yolo/weights/
Saving log for ./convert_ONNX_to_TensorRT.sh execution in ./logs/./convert_ONNX_to_TensorRT.sh.log
/home/shon/PycharmProjects/tiger_watch/runs/train/tiger_watch_yolo/weights/ is a directory. Scanning for .onnx files in: /home/shon/PycharmProjects/tiger_watch/runs/train/tiger_watch_yolo/weights/
Saving log for ./convert_ONNX_to_TensorRT.sh execution in ./logs/convert_ONNX_to_TensorRT.sh.log
/home/shon/PycharmProjects/tiger_watch/runs/train/tiger_watch_yolo/weights/ is a directory. Scanning for .onnx files in: /home/shon/PycharmProjects/tiger_watch/runs/train/tiger_watch_yolo/weights/
-rw-rw-r-- 1 shon shon 9.4M Sep  3 19:14 /home/shon/PycharmProjects/tiger_watch/runs/train/tiger_watch_yolo/weights//best_end2endOff_simplifyOff_nmsOn_max_det100.onnx
-rw-rw-r-- 1 shon shon 9.4M Sep  3 19:14 /home/shon/PycharmProjects/tiger_watch/runs/train/tiger_watch_yolo/weights//best_end2endOff_simplifyOn_nmsOn_max_det100.onnx
-rw-rw-r-- 1 shon shon 9.4M Sep  3 19:14 /home/shon/PycharmProjects/tiger_watch/runs/train/tiger_watch_yolo/weights//best_end2endOn_simplifyFalse_nmsOn_max_detOff.onnx
-rw-rw-r-- 1 shon shon 9.4M Sep  3 19:14 /home/shon/PycharmProjects/tiger_watch/runs/train/tiger_watch_yolo/weights//best_end2endOn_simplifyOff_nmsOn_max_det100.onnx
-rw-rw-r-- 1 shon shon 9.4M Sep  3 19:14 /home/shon/PycharmProjects/tiger_watch/runs/train/tiger_watch_yolo/weights//best_end2endOn_simplifyOff_noNMS.onnx
-rw-rw-r-- 1 shon shon 9.4M Sep  3 19:14 /home/shon/PycharmProjects/tiger_watch/runs/train/tiger_watch_yolo/weights//best_end2endOn_simplifyOn_nmsOn_max_det100.onnx
-rw-rw-r-- 1 shon shon 3.0M Sep  3 19:14 /home/shon/PycharmProjects/tiger_watch/runs/train/tiger_watch_yolo/weights//best_int8.onnx
-rw-rw-r-- 1 shon shon 9.4M Aug 22 15:52 /home/shon/PycharmProjects/tiger_watch/runs/train/tiger_watch_yolo/weights//best_negative_axis_simplifyFalse_opset17.onnx
-rw-rw-r-- 1 shon shon 9.4M Aug 22 15:52 /home/shon/PycharmProjects/tiger_watch/runs/train/tiger_watch_yolo/weights//best_negative_axis_with_simplifyFalse.onnx
-rw-rw-r-- 1 shon shon 9.3M Sep  3 19:14 /home/shon/PycharmProjects/tiger_watch/runs/train/tiger_watch_yolo/weights//best_simplified.onnx
-rw-rw-r-- 1 shon shon 9.3M Sep  3 19:14 /home/shon/PycharmProjects/tiger_watch/runs/train/tiger_watch_yolo/weights//simplified_best_end2endOn_simplifyOff_nmsOn_max_det100.onnx
-rw-rw-r-- 1 shon shon 9.3M Sep  3 19:14 /home/shon/PycharmProjects/tiger_watch/runs/train/tiger_watch_yolo/weights//simplified_best_end2endOn_simplifyOn_nmsOn_max_det100.onnx
Now processing /home/shon/PycharmProjects/tiger_watch/runs/train/tiger_watch_yolo/weights/best_end2endOff_simplifyOff_nmsOn_max_det100.onnx to .engine format.
./convert_ONNX_to_TensorRT.sh: line 12: /usr/src/tensorrt/bin/trtexec: No such file or directory
Saving log for ./convert_ONNX_to_TensorRT.sh execution in ./logs/convert_ONNX_to_TensorRT.sh.log
/home/shon/PycharmProjects/tiger_watch/runs/train/tiger_watch_yolo/weights/ is a directory. Scanning for .onnx files in: /home/shon/PycharmProjects/tiger_watch/runs/train/tiger_watch_yolo/weights/
-rw-rw-r-- 1 shon shon 9.4M Sep  3 19:14 /home/shon/PycharmProjects/tiger_watch/runs/train/tiger_watch_yolo/weights//best_end2endOff_simplifyOff_nmsOn_max_det100.onnx
-rw-rw-r-- 1 shon shon 9.4M Sep  3 19:14 /home/shon/PycharmProjects/tiger_watch/runs/train/tiger_watch_yolo/weights//best_end2endOff_simplifyOn_nmsOn_max_det100.onnx
-rw-rw-r-- 1 shon shon 9.4M Sep  3 19:14 /home/shon/PycharmProjects/tiger_watch/runs/train/tiger_watch_yolo/weights//best_end2endOn_simplifyFalse_nmsOn_max_detOff.onnx
-rw-rw-r-- 1 shon shon 9.4M Sep  3 19:14 /home/shon/PycharmProjects/tiger_watch/runs/train/tiger_watch_yolo/weights//best_end2endOn_simplifyOff_nmsOn_max_det100.onnx
-rw-rw-r-- 1 shon shon 9.4M Sep  3 19:14 /home/shon/PycharmProjects/tiger_watch/runs/train/tiger_watch_yolo/weights//best_end2endOn_simplifyOff_noNMS.onnx
-rw-rw-r-- 1 shon shon 9.4M Sep  3 19:14 /home/shon/PycharmProjects/tiger_watch/runs/train/tiger_watch_yolo/weights//best_end2endOn_simplifyOn_nmsOn_max_det100.onnx
-rw-rw-r-- 1 shon shon 3.0M Sep  3 19:14 /home/shon/PycharmProjects/tiger_watch/runs/train/tiger_watch_yolo/weights//best_int8.onnx
-rw-rw-r-- 1 shon shon 9.4M Aug 22 15:52 /home/shon/PycharmProjects/tiger_watch/runs/train/tiger_watch_yolo/weights//best_negative_axis_simplifyFalse_opset17.onnx
-rw-rw-r-- 1 shon shon 9.4M Aug 22 15:52 /home/shon/PycharmProjects/tiger_watch/runs/train/tiger_watch_yolo/weights//best_negative_axis_with_simplifyFalse.onnx
-rw-rw-r-- 1 shon shon 9.3M Sep  3 19:14 /home/shon/PycharmProjects/tiger_watch/runs/train/tiger_watch_yolo/weights//best_simplified.onnx
-rw-rw-r-- 1 shon shon 9.3M Sep  3 19:14 /home/shon/PycharmProjects/tiger_watch/runs/train/tiger_watch_yolo/weights//simplified_best_end2endOn_simplifyOff_nmsOn_max_det100.onnx
-rw-rw-r-- 1 shon shon 9.3M Sep  3 19:14 /home/shon/PycharmProjects/tiger_watch/runs/train/tiger_watch_yolo/weights//simplified_best_end2endOn_simplifyOn_nmsOn_max_det100.onnx
Now processing /home/shon/PycharmProjects/tiger_watch/runs/train/tiger_watch_yolo/weights/best_end2endOff_simplifyOff_nmsOn_max_det100.onnx to .engine format.
Filename only: best_end2endOff_simplifyOff_nmsOn_max_det100.onnx
./convert_ONNX_to_TensorRT.sh: line 13: /usr/src/tensorrt/bin/trtexec: No such file or directory
Saving log for ./convert_ONNX_to_TensorRT.sh execution in ./logs/convert_ONNX_to_TensorRT.sh.log
Now processing /home/shon/PycharmProjects/tiger_watch/runs/train/tiger_watch_yolo/weights/best_end2endOff_simplifyOff_nmsOn_max_det100.onnx to .engine format.
Filename only: best_end2endOff_simplifyOff_nmsOn_max_det100.onnx
./convert_ONNX_to_TensorRT.sh: line 13: /usr/src/tensorrt/bin/trtexec: No such file or directory
Saving log for ./convert_ONNX_to_TensorRT.sh execution in ./logs/convert_ONNX_to_TensorRT.sh.log
Now processing /home/shon/PycharmProjects/tiger_watch/runs/train/tiger_watch_yolo/weights/best_end2endOff_simplifyOff_nmsOn_max_det100.onnx to .engine format.
Filename only: best_end2endOff_simplifyOff_nmsOn_max_det100.onnx
/home/shon/PycharmProjects/tiger_watch/runs/train/tiger_watch_yolo/weights/best_end2endOff_simplifyOff_nmsOn_max_det100.engine
./convert_ONNX_to_TensorRT.sh: line 13: /usr/src/tensorrt/bin/trtexec: No such file or directory
Saving log for ./convert_ONNX_to_TensorRT.sh execution in ./logs/convert_ONNX_to_TensorRT.sh.log
Now processing best_end2endOff_simplifyOff_nmsOn_max_det100.onnx...
./convert_ONNX_to_TensorRT.sh: line 12: /usr/src/tensorrt/bin/trtexec: No such file or directory
Saving execution for ./convert_ONNX_to_TensorRT.sh in ./logs/convert_ONNX_to_TensorRT.sh.log
Now processing best_end2endOff_simplifyOff_nmsOn_max_det100.onnx
./convert_ONNX_to_TensorRT.sh: line 12: /usr/src/tensorrt/bin/trtexec: No such file or directory
Saving execution for ./convert_ONNX_to_TensorRT.sh in ./logs/convert_ONNX_to_TensorRT.sh.log
Now processing: best_end2endOff_simplifyOff_nmsOn_max_det100.onnx
./convert_ONNX_to_TensorRT.sh: line 12: /usr/src/tensorrt/bin/trtexec: No such file or directory
